// Jest Snapshot v1, https://goo.gl/fbAQLP

exports[`Test user details saga must call userDetailsFailure action 1`] = `
Object {
  "@@redux-saga/IO": true,
  "combinator": false,
  "payload": Object {
    "args": Array [],
    "context": null,
    "fn": [Function],
  },
  "type": "CALL",
}
`;

exports[`Test user details saga must call userDetailsSuccess action 1`] = `
Object {
  "@@redux-saga/IO": true,
  "combinator": false,
  "payload": Object {
    "args": Array [],
    "context": null,
    "fn": [Function],
  },
  "type": "CALL",
}
`;
